--------------------------------------------------------------------------------------
Timing Analyzer Summary
--------------------------------------------------------------------------------------

Type           : Worst-case tsu
Slack          : N/A
Required Time  : None
Actual Time    : 44.778 ns
From           : reset
To             : flag_reg:inst14|flag_z
From Clock     : 
To Clock       : clk
Failed Paths   : 0

Type           : Worst-case tco
Slack          : N/A
Required Time  : None
Actual Time    : 57.287 ns
From           : timer:inst8|state.s3
To             : reg_data2[7]
From Clock     : clk
To Clock       : 
Failed Paths   : 0

Type           : Worst-case tpd
Slack          : N/A
Required Time  : None
Actual Time    : 54.326 ns
From           : reset
To             : reg_data2[7]
From Clock     : 
To Clock       : 
Failed Paths   : 0

Type           : Worst-case th
Slack          : N/A
Required Time  : None
Actual Time    : -11.633 ns
From           : reset
To             : ir:inst9|q[2]
From Clock     : 
To Clock       : clk
Failed Paths   : 0

Type           : Worst-case Minimum tco
Slack          : N/A
Required Time  : None
Actual Time    : 7.766 ns
From           : flag_reg:inst14|flag_v
To             : v
From Clock     : clk
To Clock       : 
Failed Paths   : 0

Type           : Worst-case Minimum tpd
Slack          : N/A
Required Time  : None
Actual Time    : 13.327 ns
From           : sel[1]
To             : reg_data2[6]
From Clock     : 
To Clock       : 
Failed Paths   : 0

Type           : Clock Setup: 'clk'
Slack          : N/A
Required Time  : None
Actual Time    : 20.95 MHz ( period = 47.739 ns )
From           : timer:inst8|state.s3
To             : flag_reg:inst14|flag_z
From Clock     : clk
To Clock       : clk
Failed Paths   : 0

Type           : Total number of failed paths
Slack          : 
Required Time  : 
Actual Time    : 
From           : 
To             : 
From Clock     : 
To Clock       : 
Failed Paths   : 0

--------------------------------------------------------------------------------------

