--------------------------------------------------------------------------------------
Timing Analyzer Summary
--------------------------------------------------------------------------------------

Type           : Worst-case tsu
Slack          : N/A
Required Time  : None
Actual Time    : 40.196 ns
From           : reset
To             : flag_reg:inst2|flag_z
From Clock     : 
To Clock       : clk
Failed Paths   : 0

Type           : Worst-case tco
Slack          : N/A
Required Time  : None
Actual Time    : 15.280 ns
From           : reg:inst5|q[5]
To             : reg_data[5]
From Clock     : clk
To Clock       : 
Failed Paths   : 0

Type           : Worst-case tpd
Slack          : N/A
Required Time  : None
Actual Time    : 22.503 ns
From           : reg_sel[1]
To             : reg_data[7]
From Clock     : 
To Clock       : 
Failed Paths   : 0

Type           : Worst-case th
Slack          : N/A
Required Time  : None
Actual Time    : -14.870 ns
From           : reset
To             : ir:inst20|q[5]
From Clock     : 
To Clock       : clk
Failed Paths   : 0

Type           : Worst-case Minimum tco
Slack          : N/A
Required Time  : None
Actual Time    : 9.875 ns
From           : reg:inst11|q[1]
To             : reg_data[1]
From Clock     : clk
To Clock       : 
Failed Paths   : 0

Type           : Worst-case Minimum tpd
Slack          : N/A
Required Time  : None
Actual Time    : 16.639 ns
From           : sel[0]
To             : reg_data[7]
From Clock     : 
To Clock       : 
Failed Paths   : 0

Type           : Clock Setup: 'clk'
Slack          : N/A
Required Time  : None
Actual Time    : 23.88 MHz ( period = 41.874 ns )
From           : timer:inst|state.s3
To             : flag_reg:inst2|flag_z
From Clock     : clk
To Clock       : clk
Failed Paths   : 0

Type           : Total number of failed paths
Slack          : 
Required Time  : 
Actual Time    : 
From           : 
To             : 
From Clock     : 
To Clock       : 
Failed Paths   : 0

--------------------------------------------------------------------------------------

